MPLINK 4.40, Linker
Linker Map File - Created Tue May 10 11:22:46 2016

                                 Section Info
                  Section       Type    Address   Location Size(Bytes)
                ---------  ---------  ---------  ---------  ---------
               _entry_scn       code   0x000000    program   0x000006
              high_vector       code   0x000008    program   0x000006
               low_vector       code   0x000018    program   0x000006
  _RESET_INTERRUPT_VECTOR       code   0x000800    program   0x000006
   _HIGH_INTERRUPT_VECTOR       code   0x000808    program   0x000006
    _LOW_INTERRUPT_VECTOR       code   0x000818    program   0x000006
                   .cinit    romdata   0x00082a    program   0x000026
       .code_write_code.o       code   0x000850    program   0x001282
       .code_prog_lolvl.o       code   0x001ad2    program   0x000db8
.code_write_config_bits.o       code   0x00288a    program   0x000b30
              .code_upp.o       code   0x0033ba    program   0x0008dc
            .code_pic24.o       code   0x003c96    program   0x0008c6
           .code_pic24E.o       code   0x00455c    program   0x000880
       .code_write_data.o       code   0x004ddc    program   0x0007e0
        .code_read_code.o       code   0x0055bc    program   0x00079a
       .code_bulk_erase.o       code   0x005d56    program   0x000784
        .code_read_data.o       code   0x0064da    program   0x00054e
                  DEVICES    romdata   0x006a28    program   0x0004ff
             .stringtable    romdata   0x006f27    program   0x0002a2
           .romdata_upp.o    romdata   0x0071c9    program   0x000000
     .romdata_read_data.o    romdata   0x0071c9    program   0x000000
          .idata_usb9.o_i    romdata   0x0071c9    program   0x000000
     .idata_read_data.o_i    romdata   0x0071c9    program   0x000000
          .romdata_usb9.o    romdata   0x0071c9    program   0x000000
    .idata_usbctrltrf.o_i    romdata   0x0071c9    program   0x000000
    .romdata_usbctrltrf.o    romdata   0x0071c9    program   0x000000
        .idata_usbdrv.o_i    romdata   0x0071c9    program   0x000000
        .romdata_usbdrv.o    romdata   0x0071c9    program   0x000000
        .idata_usbdsc.o_i    romdata   0x0071c9    program   0x000000
        .idata_usbgen.o_i    romdata   0x0071c9    program   0x000000
        .romdata_usbgen.o    romdata   0x0071c9    program   0x000000
       .idata_usbmmap.o_i    romdata   0x0071c9    program   0x000000
       .romdata_usbmmap.o    romdata   0x0071c9    program   0x000000
        .romdata___init.o    romdata   0x0071c9    program   0x000000
        .idata___init.o_i    romdata   0x0071c9    program   0x000000
    .idata_write_code.o_i    romdata   0x0071c9    program   0x000000
    .romdata_write_code.o    romdata   0x0071c9    program   0x000000
       .romdata_fxm3232.o    romdata   0x0071c9    program   0x000000
       .idata_fxm3232.o_i    romdata   0x0071c9    program   0x000000
.idata_write_config_bits.o_i    romdata   0x0071c9    program   0x000000
.romdata_write_config_bits.o    romdata   0x0071c9    program   0x000000
    .idata_write_data.o_i    romdata   0x0071c9    program   0x000000
    .romdata_write_data.o    romdata   0x0071c9    program   0x000000
      .idata_fxd3232u.o_i    romdata   0x0071c9    program   0x000000
      .romdata_fxd3232u.o    romdata   0x0071c9    program   0x000000
         .idata_c018i.o_i    romdata   0x0071c9    program   0x000000
         .romdata_c018i.o    romdata   0x0071c9    program   0x000000
    .idata_bulk_erase.o_i    romdata   0x0071c9    program   0x000000
    .romdata_bulk_erase.o    romdata   0x0071c9    program   0x000000
        .romdata_device.o    romdata   0x0071c9    program   0x000000
     .idata_interrupt.o_i    romdata   0x0071c9    program   0x000000
     .romdata_interrupt.o    romdata   0x0071c9    program   0x000000
          .idata_main.o_i    romdata   0x0071c9    program   0x000000
         .idata_pic24.o_i    romdata   0x0071c9    program   0x000000
     .romdata_read_code.o    romdata   0x0071c9    program   0x000000
     .idata_read_code.o_i    romdata   0x0071c9    program   0x000000
    .romdata_prog_lolvl.o    romdata   0x0071c9    program   0x000000
        .romdata_pic24E.o    romdata   0x0071c9    program   0x000000
        .idata_pic24E.o_i    romdata   0x0071c9    program   0x000000
         .romdata_pic24.o    romdata   0x0071c9    program   0x000000
             .code_usb9.o       code   0x0071ca    program   0x000278
           .code_usbdsc.o       code   0x0071ca    program   0x000000
           .code_device.o       code   0x0071ca    program   0x000000
          .code_usbmmap.o       code   0x0071ca    program   0x000000
            .code_c018i.o       code   0x0071ca    program   0x000000
       .code_usbctrltrf.o       code   0x007442    program   0x000258
           .code_usbdrv.o       code   0x00769a    program   0x00016e
        .code_interrupt.o       code   0x007808    program   0x00014e
             .code_main.o       code   0x007956    program   0x000110
           .code_usbgen.o       code   0x007a66    program   0x00010c
                   STRING       code   0x007b72    program   0x0000d0
        .romdata_usbdsc.o    romdata   0x007c42    program   0x0000ae
               _cinit_scn       code   0x007cf0    program   0x00009e
          .code_fxm3232.o       code   0x007d8e    program   0x000070
         .code_fxd3232u.o       code   0x007dfe    program   0x000048
                     PROG       code   0x007e46    program   0x00003c
                    .code       code   0x007e82    program   0x000020
             _startup_scn       code   0x007ea2    program   0x00001c
             D100TCYXCODE       code   0x007ebe    program   0x00001c
              D10TCYXCODE       code   0x007eda    program   0x000016
          .romdata_main.o    romdata   0x007ef0    program   0x00000c
           .code___init.o       code   0x007efc    program   0x000002
           .idata_upp.o_i    romdata   0x007efe    program   0x000006
    .idata_prog_lolvl.o_i    romdata   0x007f04    program   0x000003
        .idata_device.o_i    romdata   0x007f07    program   0x000002
    .config_300000_main.o    romdata   0x300000    program   0x000001
    .config_300001_main.o    romdata   0x300001    program   0x000001
    .config_300002_main.o    romdata   0x300002    program   0x000001
    .config_300003_main.o    romdata   0x300003    program   0x000001
    .config_300005_main.o    romdata   0x300005    program   0x000001
    .config_300006_main.o    romdata   0x300006    program   0x000001
    .config_300009_main.o    romdata   0x300009    program   0x000001
    .config_30000b_main.o    romdata   0x30000b    program   0x000001
                 .tmpdata      udata   0x000000       data   0x000018
                MATH_DATA      udata   0x000018       data   0x000014
                DELAYDAT1      udata   0x00002c       data   0x000001
                  BUFFERS      udata   0x000100       data   0x000080
          .udata_pic24E.o      udata   0x000180       data   0x000004
      .idata_prog_lolvl.o      idata   0x000184       data   0x000003
             .udata_upp.o      udata   0x000187       data   0x000002
          .idata_device.o      idata   0x000189       data   0x000002
          .udata_usbgen.o      udata   0x00018b       data   0x000001
           .udata_pic24.o      udata   0x00018c       data   0x000001
      .idata_usbctrltrf.o      idata   0x00018d       data   0x000000
          .idata_usbdrv.o      idata   0x00018d       data   0x000000
          .udata_usbdsc.o      udata   0x00018d       data   0x000000
          .idata_usbdsc.o      idata   0x00018d       data   0x000000
          .idata_usbgen.o      idata   0x00018d       data   0x000000
         .idata_usbmmap.o      idata   0x00018d       data   0x000000
      .udata_write_code.o      udata   0x00018d       data   0x000000
      .idata_write_code.o      idata   0x00018d       data   0x000000
.idata_write_config_bits.o      idata   0x00018d       data   0x000000
      .udata_write_data.o      udata   0x00018d       data   0x000000
      .idata_write_data.o      idata   0x00018d       data   0x000000
        .udata_fxd3232u.o      udata   0x00018d       data   0x000000
        .idata_fxd3232u.o      idata   0x00018d       data   0x000000
         .udata_fxm3232.o      udata   0x00018d       data   0x000000
         .idata_fxm3232.o      idata   0x00018d       data   0x000000
          .udata___init.o      udata   0x00018d       data   0x000000
          .idata___init.o      idata   0x00018d       data   0x000000
       .idata_interrupt.o      idata   0x00018d       data   0x000000
            .udata_main.o      udata   0x00018d       data   0x000000
            .idata_main.o      idata   0x00018d       data   0x000000
           .idata_pic24.o      idata   0x00018d       data   0x000000
          .idata_pic24E.o      idata   0x00018d       data   0x000000
      .udata_prog_lolvl.o      udata   0x00018d       data   0x000000
       .udata_read_code.o      udata   0x00018d       data   0x000000
      .idata_bulk_erase.o      idata   0x00018d       data   0x000000
       .idata_read_code.o      idata   0x00018d       data   0x000000
       .udata_read_data.o      udata   0x00018d       data   0x000000
       .idata_read_data.o      idata   0x00018d       data   0x000000
      .udata_bulk_erase.o      udata   0x00018d       data   0x000000
            .udata_usb9.o      udata   0x00018d       data   0x000000
           .idata_c018i.o      idata   0x00018d       data   0x000000
            .idata_usb9.o      idata   0x00018d       data   0x000000
          .udata_device.o      udata   0x000200       data   0x000010
.udata_write_config_bits.o      udata   0x000210       data   0x00000d
           .udata_c018i.o      udata   0x00021d       data   0x00000a
      .udata_usbctrltrf.o      udata   0x000227       data   0x000008
             .idata_upp.o      idata   0x00022f       data   0x000006
       .udata_interrupt.o      udata   0x000235       data   0x000005
         .udata_usbmmap.o      udata   0x00023a       data   0x000004
          .udata_usbdrv.o      udata   0x00023e       data   0x000002
                   .stack      udata   0x000240       data   0x0001c0
                  usbram4      udata   0x000400       data   0x0000a0
            SFR_UNBANKED0      udata   0x000f62       data   0x00009e



                              Program Memory Usage 
                               Start         End      
                           ---------   ---------      
                            0x000000    0x000005      
                            0x000008    0x00000d      
                            0x000018    0x00001d      
                            0x000800    0x000805      
                            0x000808    0x00080d      
                            0x000818    0x00081d      
                            0x00082a    0x0071c8      
                            0x0071ca    0x007f08      
                            0x300000    0x300003      
                            0x300005    0x300006      
                            0x300009    0x300009      
                            0x30000b    0x30000b      
            30474 out of 33048 program addresses used, program memory utilization is 92%



                              Symbols - Sorted by Name
                     Name    Address   Location    Storage File                     
                ---------  ---------  ---------  --------- ---------                
           BlinkUSBStatus   0x003a3e    program     extern /home/issam/MPLABXProjects/picprog_firmware.X/upp.c
               ClearArray   0x0077de    program     extern /home/issam/MPLABXProjects/picprog_firmware.X/usbdrv.c
                   D100_1   0x007ecc    program     static C:\MCC18\v3_39\src\traditional\delays\d100tcyx.asm
                    D100x   0x007eca    program     static C:\MCC18\v3_39\src\traditional\delays\d100tcyx.asm
                    D10_1   0x007eea    program     static C:\MCC18\v3_39\src\traditional\delays\d10tcyx.asm
                     D10x   0x007ee2    program     static C:\MCC18\v3_39\src\traditional\delays\d10tcyx.asm
             Delay100TCYx   0x007ebe    program     extern C:\MCC18\v3_39\src\traditional\delays\d100tcyx.asm
              Delay10TCYx   0x007eda    program     extern C:\MCC18\v3_39\src\traditional\delays\d10tcyx.asm
                  DelayMs   0x0078ce    program     extern /home/issam/MPLABXProjects/picprog_firmware.X/interrupt.c
                  DelayUs   0x0078f6    program     extern /home/issam/MPLABXProjects/picprog_firmware.X/interrupt.c
                 FXD3232U   0x007dfe    program     extern C:\MCC18\v3_39\src\traditional\math\fxd3232u.c
                 FXM1616U   0x007e46    program     extern C:\MCC18\v3_39\src\traditional\math\fxm1616u.asm
                  FXM3232   0x007d8e    program     extern C:\MCC18\v3_39\src\traditional\math\fxm3232.c
                 I2C_read   0x002688    program     extern /home/issam/MPLABXProjects/picprog_firmware.X/prog_lolvl.c
                I2C_start   0x002608    program     extern /home/issam/MPLABXProjects/picprog_firmware.X/prog_lolvl.c
                 I2C_stop   0x002614    program     extern /home/issam/MPLABXProjects/picprog_firmware.X/prog_lolvl.c
                I2C_write   0x00261e    program     extern /home/issam/MPLABXProjects/picprog_firmware.X/prog_lolvl.c
                  InitAdc   0x0033ba    program     extern /home/issam/MPLABXProjects/picprog_firmware.X/upp.c
         InitializeSystem   0x007a30    program     static /home/issam/MPLABXProjects/picprog_firmware.X/main.c
                ProcessIO   0x0034a8    program     extern /home/issam/MPLABXProjects/picprog_firmware.X/upp.c
                  ReadAdc   0x0033ca    program     extern /home/issam/MPLABXProjects/picprog_firmware.X/upp.c
         Switch2IsPressed   0x003aa0    program     extern /home/issam/MPLABXProjects/picprog_firmware.X/upp.c
        USBCheckBusStatus   0x00769a    program     extern /home/issam/MPLABXProjects/picprog_firmware.X/usbdrv.c
       USBCheckStdRequest   0x0071ca    program     extern /home/issam/MPLABXProjects/picprog_firmware.X/usb9.c
         USBCtrlEPService   0x007442    program     extern /home/issam/MPLABXProjects/picprog_firmware.X/usbctrltrf.c
 USBCtrlEPServiceComplete   0x0075c4    program     extern /home/issam/MPLABXProjects/picprog_firmware.X/usbctrltrf.c
      USBCtrlTrfInHandler   0x0074b4    program     extern /home/issam/MPLABXProjects/picprog_firmware.X/usbctrltrf.c
     USBCtrlTrfOutHandler   0x007496    program     extern /home/issam/MPLABXProjects/picprog_firmware.X/usbctrltrf.c
      USBCtrlTrfRxService   0x007570    program     extern /home/issam/MPLABXProjects/picprog_firmware.X/usbctrltrf.c
   USBCtrlTrfSetupHandler   0x007478    program     extern /home/issam/MPLABXProjects/picprog_firmware.X/usbctrltrf.c
      USBCtrlTrfTxService   0x0074ea    program     extern /home/issam/MPLABXProjects/picprog_firmware.X/usbctrltrf.c
         USBDriverService   0x0076d2    program     extern /home/issam/MPLABXProjects/picprog_firmware.X/usbdrv.c
          USBErrorHandler   0x007796    program     extern /home/issam/MPLABXProjects/picprog_firmware.X/usbdrv.c
             USBGenInitEP   0x007a66    program     extern /home/issam/MPLABXProjects/picprog_firmware.X/usbgen.c
               USBGenRead   0x007af0    program     extern /home/issam/MPLABXProjects/picprog_firmware.X/usbgen.c
              USBGenWrite   0x007a90    program     extern /home/issam/MPLABXProjects/picprog_firmware.X/usbgen.c
         USBModuleDisable   0x0076c4    program     extern /home/issam/MPLABXProjects/picprog_firmware.X/usbdrv.c
          USBModuleEnable   0x0076b6    program     extern /home/issam/MPLABXProjects/picprog_firmware.X/usbdrv.c
USBPrepareForNextSetupTrf   0x007636    program     extern /home/issam/MPLABXProjects/picprog_firmware.X/usbctrltrf.c
  USBProtocolResetHandler   0x00779a    program     extern /home/issam/MPLABXProjects/picprog_firmware.X/usbdrv.c
          USBRemoteWakeup   0x007760    program     extern /home/issam/MPLABXProjects/picprog_firmware.X/usbdrv.c
            USBSoftDetach   0x0076ce    program     extern /home/issam/MPLABXProjects/picprog_firmware.X/usbdrv.c
          USBStallHandler   0x007788    program     extern /home/issam/MPLABXProjects/picprog_firmware.X/usbdrv.c
  USBStdFeatureReqHandler   0x00736c    program     extern /home/issam/MPLABXProjects/picprog_firmware.X/usb9.c
      USBStdGetDscHandler   0x007268    program     extern /home/issam/MPLABXProjects/picprog_firmware.X/usb9.c
   USBStdGetStatusHandler   0x00730c    program     extern /home/issam/MPLABXProjects/picprog_firmware.X/usb9.c
      USBStdSetCfgHandler   0x0072d6    program     extern /home/issam/MPLABXProjects/picprog_firmware.X/usb9.c
               USBSuspend   0x007750    program     extern /home/issam/MPLABXProjects/picprog_firmware.X/usbdrv.c
                 USBTasks   0x007a58    program     extern /home/issam/MPLABXProjects/picprog_firmware.X/main.c
       USBWakeFromSuspend   0x007758    program     extern /home/issam/MPLABXProjects/picprog_firmware.X/usbdrv.c
               USB_CD_Ptr   0x007ce6    program     extern /home/issam/MPLABXProjects/picprog_firmware.X/usbdsc.c
               USB_SD_Ptr   0x007cea    program     extern /home/issam/MPLABXProjects/picprog_firmware.X/usbdsc.c
          USB_SOF_Handler   0x007784    program     extern /home/issam/MPLABXProjects/picprog_firmware.X/usbdrv.c
                 UserInit   0x003400    program     extern /home/issam/MPLABXProjects/picprog_firmware.X/upp.c
              _1jContinue   0x007b84    program     static C:\MCC18\v3_39\src\traditional\stdclib\mcmpp2p.asm
                   _2jEnd   0x007b94    program     static C:\MCC18\v3_39\src\traditional\stdclib\mcmpp2p.asm
                   _5jEnd   0x007bca    program     static C:\MCC18\v3_39\src\traditional\stdclib\mcmpp2p.asm
                   _6jEnd   0x007bda    program     static C:\MCC18\v3_39\src\traditional\stdclib\mcmpp2p.asm
       _D100TCYXCODE_0008   0x007ec6    program     static C:\MCC18\v3_39\src\traditional\delays\d100tcyx.asm
       _D100TCYXCODE_0012   0x007ed0    program     static C:\MCC18\v3_39\src\traditional\delays\d100tcyx.asm
       _D100TCYXCODE_0018   0x007ed6    program     static C:\MCC18\v3_39\src\traditional\delays\d100tcyx.asm
        _D10TCYXCODE_000A   0x007ee4    program     static C:\MCC18\v3_39\src\traditional\delays\d10tcyx.asm
        _D10TCYXCODE_000C   0x007ee6    program     static C:\MCC18\v3_39\src\traditional\delays\d10tcyx.asm
        _D10TCYXCODE_000E   0x007ee8    program     static C:\MCC18\v3_39\src\traditional\delays\d10tcyx.asm
           ___do_lbl00007   0x001b1a    program     static                          
           ___do_lbl00008   0x001b1a    program     static                          
           ___do_lbl00011   0x001b02    program     static                          
           ___do_lbl00016   0x001b6c    program     static                          
           ___do_lbl00017   0x001b6c    program     static                          
           ___do_lbl00020   0x001b54    program     static                          
           ___do_lbl00025   0x001bca    program     static                          
           ___do_lbl00026   0x001bca    program     static                          
           ___do_lbl00029   0x001bb2    program     static                          
           ___do_lbl00068   0x001df6    program     static                          
           ___do_lbl00069   0x001df6    program     static                          
           ___do_lbl00072   0x001dde    program     static                          
           ___do_lbl00085   0x001f50    program     static                          
           ___do_lbl00086   0x001f50    program     static                          
           ___do_lbl00089   0x001f38    program     static                          
           ___do_lbl00134   0x002228    program     static                          
           ___do_lbl00135   0x002228    program     static                          
           ___do_lbl00136   0x002224    program     static                          
           ___do_lbl00143   0x0022da    program     static                          
           ___do_lbl00144   0x0022da    program     static                          
           ___do_lbl00147   0x0022c6    program     static                          
           ___do_lbl00152   0x00235a    program     static                          
           ___do_lbl00153   0x00235a    program     static                          
           ___do_lbl00154   0x002356    program     static                          
           ___do_lbl00161   0x0023e6    program     static                          
           ___do_lbl00162   0x0023e6    program     static                          
           ___do_lbl00165   0x0023d2    program     static                          
           ___do_lbl00173   0x00247e    program     static                          
           ___do_lbl00174   0x00247e    program     static                          
           ___do_lbl00175   0x00247a    program     static                          
           ___do_lbl00179   0x0024ec    program     static                          
           ___do_lbl00180   0x0024ec    program     static                          
           ___do_lbl00183   0x0024d8    program     static                          
         ___else_lbl00006   0x0079c8    program     static                          
         ___else_lbl00008   0x0079ce    program     static                          
         ___else_lbl00014   0x001b42    program     static                          
         ___else_lbl00022   0x001b7e    program     static                          
         ___else_lbl00032   0x001bf6    program     static                          
         ___else_lbl00034   0x001c60    program     static                          
         ___else_lbl00039   0x001c92    program     static                          
         ___else_lbl00114   0x002098    program     static                          
         ___else_lbl00123   0x002114    program     static                          
         ___else_lbl00129   0x0021b0    program     static                          
         ___else_lbl00191   0x002558    program     static                          
         ___else_lbl00196   0x002596    program     static                          
         ___else_lbl00201   0x0025d4    program     static                          
          ___for_lbl00014   0x007938    program     static                          
          ___for_lbl00015   0x007942    program     static                          
          ___for_lbl00016   0x007906    program     static                          
          ___for_lbl00035   0x001c7e    program     static                          
          ___for_lbl00036   0x001c88    program     static                          
          ___for_lbl00037   0x001c6a    program     static                          
          ___for_lbl00111   0x0020b6    program     static                          
          ___for_lbl00112   0x0020ba    program     static                          
          ___for_lbl00115   0x002074    program     static                          
          ___for_lbl00116   0x0020d6    program     static                          
          ___for_lbl00117   0x0020da    program     static                          
          ___for_lbl00118   0x0020bc    program     static                          
          ___for_lbl00120   0x002140    program     static                          
          ___for_lbl00121   0x002144    program     static                          
          ___for_lbl00124   0x0020f0    program     static                          
          ___for_lbl00126   0x0021dc    program     static                          
          ___for_lbl00127   0x0021e0    program     static                          
          ___for_lbl00130   0x00218c    program     static                          
          ___for_lbl00137   0x002244    program     static                          
          ___for_lbl00138   0x002248    program     static                          
          ___for_lbl00139   0x00222a    program     static                          
          ___for_lbl00140   0x0022b6    program     static                          
          ___for_lbl00141   0x0022ba    program     static                          
          ___for_lbl00142   0x00225e    program     static                          
          ___for_lbl00149   0x002352    program     static                          
          ___for_lbl00150   0x002356    program     static                          
          ___for_lbl00151   0x002328    program     static                          
          ___for_lbl00155   0x002376    program     static                          
          ___for_lbl00156   0x00237a    program     static                          
          ___for_lbl00157   0x00235c    program     static                          
          ___for_lbl00158   0x0023ce    program     static                          
          ___for_lbl00159   0x0023d2    program     static                          
          ___for_lbl00160   0x002380    program     static                          
          ___for_lbl00167   0x002444    program     static                          
          ___for_lbl00168   0x002448    program     static                          
          ___for_lbl00169   0x002420    program     static                          
          ___for_lbl00170   0x002476    program     static                          
          ___for_lbl00171   0x00247a    program     static                          
          ___for_lbl00172   0x002452    program     static                          
          ___for_lbl00176   0x0024d4    program     static                          
          ___for_lbl00177   0x0024d8    program     static                          
          ___for_lbl00178   0x002484    program     static                          
          ___for_lbl00185   0x002536    program     static                          
          ___for_lbl00186   0x00253a    program     static                          
          ___for_lbl00187   0x002528    program     static                          
          ___for_lbl00188   0x002572    program     static                          
          ___for_lbl00189   0x002576    program     static                          
          ___for_lbl00192   0x002548    program     static                          
          ___for_lbl00193   0x0025b0    program     static                          
          ___for_lbl00194   0x0025b4    program     static                          
          ___for_lbl00197   0x002586    program     static                          
          ___for_lbl00198   0x0025ee    program     static                          
          ___for_lbl00199   0x0025f2    program     static                          
          ___for_lbl00202   0x0025c4    program     static                          
           ___if_lbl00004   0x007990    program     static                          
           ___if_lbl00005   0x0079cc    program     static                          
           ___if_lbl00007   0x0079f8    program     static                          
           ___if_lbl00010   0x001b16    program     static                          
           ___if_lbl00012   0x001b2a    program     static                          
           ___if_lbl00013   0x001b44    program     static                          
           ___if_lbl00019   0x001b68    program     static                          
           ___if_lbl00021   0x001b80    program     static                          
           ___if_lbl00023   0x001b96    program     static                          
           ___if_lbl00028   0x001bc6    program     static                          
           ___if_lbl00030   0x001be8    program     static                          
           ___if_lbl00031   0x001bf8    program     static                          
           ___if_lbl00033   0x001c62    program     static                          
           ___if_lbl00038   0x001c94    program     static                          
           ___if_lbl00071   0x001df2    program     static                          
           ___if_lbl00073   0x001e00    program     static                          
           ___if_lbl00088   0x001f4c    program     static                          
           ___if_lbl00090   0x001f60    program     static                          
           ___if_lbl00113   0x00209a    program     static                          
           ___if_lbl00122   0x002116    program     static                          
           ___if_lbl00128   0x0021b2    program     static                          
           ___if_lbl00146   0x0022d8    program     static                          
           ___if_lbl00164   0x0023e4    program     static                          
           ___if_lbl00182   0x0024ea    program     static                          
           ___if_lbl00190   0x00255a    program     static                          
           ___if_lbl00195   0x002598    program     static                          
           ___if_lbl00200   0x0025d6    program     static                          
       ___return_lbl00000   0x000004    program     static                          
       ___return_lbl00000   0x007dfc    program     static                          
       ___return_lbl00000   0x00000c    program     static                          
       ___return_lbl00000   0x007e44    program     static                          
       ___return_lbl00000   0x000804    program     static                          
       ___return_lbl00001   0x007ebc    program     static                          
       ___return_lbl00001   0x00001c    program     static                          
       ___return_lbl00001   0x00080c    program     static                          
       ___return_lbl00002   0x00081c    program     static                          
       ___return_lbl00002   0x007d8c    program     static                          
       ___return_lbl00003   0x0079f8    program     static                          
       ___return_lbl00006   0x001b52    program     static                          
       ___return_lbl00013   0x007942    program     static                          
       ___return_lbl00015   0x001ba4    program     static                          
       ___return_lbl00024   0x001ca2    program     static                          
       ___return_lbl00039   0x007800    program     static                          
       ___return_lbl00067   0x001ee2    program     static                          
       ___return_lbl00084   0x001f6e    program     static                          
       ___return_lbl00110   0x0020da    program     static                          
       ___return_lbl00119   0x002148    program     static                          
       ___return_lbl00125   0x0021e0    program     static                          
       ___return_lbl00133   0x0022f4    program     static                          
       ___return_lbl00148   0x0023f0    program     static                          
       ___return_lbl00166   0x002504    program     static                          
       ___return_lbl00184   0x0025f4    program     static                          
        ___while_lbl00040   0x0077f2    program     static                          
        ___while_lbl00041   0x007800    program     static                          
               __config_0   0x300000    program     static /home/issam/MPLABXProjects/picprog_firmware.X/main.c
               __config_1   0x300001    program     static /home/issam/MPLABXProjects/picprog_firmware.X/main.c
               __config_2   0x300002    program     static /home/issam/MPLABXProjects/picprog_firmware.X/main.c
               __config_3   0x300003    program     static /home/issam/MPLABXProjects/picprog_firmware.X/main.c
               __config_4   0x300005    program     static /home/issam/MPLABXProjects/picprog_firmware.X/main.c
               __config_5   0x300006    program     static /home/issam/MPLABXProjects/picprog_firmware.X/main.c
               __config_6   0x300009    program     static /home/issam/MPLABXProjects/picprog_firmware.X/main.c
               __config_7   0x30000b    program     static /home/issam/MPLABXProjects/picprog_firmware.X/main.c
                   __init   0x007efc    program     extern C:\MCC18\v3_39\src\traditional\stdclib\__init.c
                   __pa_0   0x005a6c    program     static /home/issam/MPLABXProjects/picprog_firmware.X/read_code.c
                   __pa_0   0x0068aa    program     static /home/issam/MPLABXProjects/picprog_firmware.X/read_data.c
                   __pa_0   0x0026f2    program     static /home/issam/MPLABXProjects/picprog_firmware.X/prog_lolvl.c
                   __pa_0   0x005286    program     static /home/issam/MPLABXProjects/picprog_firmware.X/write_data.c
                   __pa_0   0x003abe    program     static /home/issam/MPLABXProjects/picprog_firmware.X/upp.c
                   __pa_0   0x004268    program     static /home/issam/MPLABXProjects/picprog_firmware.X/pic24.c
                   __pa_0   0x004ab2    program     static /home/issam/MPLABXProjects/picprog_firmware.X/pic24E.c
                   __pa_0   0x0073ce    program     static /home/issam/MPLABXProjects/picprog_firmware.X/usb9.c
                   __pa_0   0x0061d0    program     static /home/issam/MPLABXProjects/picprog_firmware.X/bulk_erase.c
                   __pa_0   0x0014e0    program     static /home/issam/MPLABXProjects/picprog_firmware.X/write_code.c
                   __pa_0   0x007646    program     static /home/issam/MPLABXProjects/picprog_firmware.X/usbctrltrf.c
                   __pa_0   0x007b5a    program     static /home/issam/MPLABXProjects/picprog_firmware.X/usbgen.c
                   __pa_0   0x0030e2    program     static /home/issam/MPLABXProjects/picprog_firmware.X/write_config_bits.c
                   __pa_1   0x005a76    program     static /home/issam/MPLABXProjects/picprog_firmware.X/read_code.c
                   __pa_1   0x0014ea    program     static /home/issam/MPLABXProjects/picprog_firmware.X/write_code.c
                   __pa_1   0x0061da    program     static /home/issam/MPLABXProjects/picprog_firmware.X/bulk_erase.c
                   __pa_1   0x0073e6    program     static /home/issam/MPLABXProjects/picprog_firmware.X/usb9.c
                   __pa_1   0x0030e8    program     static /home/issam/MPLABXProjects/picprog_firmware.X/write_config_bits.c
                   __pa_1   0x0068b2    program     static /home/issam/MPLABXProjects/picprog_firmware.X/read_data.c
                   __pa_1   0x003ae4    program     static /home/issam/MPLABXProjects/picprog_firmware.X/upp.c
                   __pa_1   0x007656    program     static /home/issam/MPLABXProjects/picprog_firmware.X/usbctrltrf.c
                   __pa_1   0x00426e    program     static /home/issam/MPLABXProjects/picprog_firmware.X/pic24.c
                   __pa_1   0x004aba    program     static /home/issam/MPLABXProjects/picprog_firmware.X/pic24E.c
                   __pa_1   0x002700    program     static /home/issam/MPLABXProjects/picprog_firmware.X/prog_lolvl.c
                   __pa_1   0x005292    program     static /home/issam/MPLABXProjects/picprog_firmware.X/write_data.c
                  __pa_10   0x00430e    program     static /home/issam/MPLABXProjects/picprog_firmware.X/pic24.c
                  __pa_10   0x005352    program     static /home/issam/MPLABXProjects/picprog_firmware.X/write_data.c
                  __pa_10   0x004bf8    program     static /home/issam/MPLABXProjects/picprog_firmware.X/pic24E.c
                  __pa_10   0x00695c    program     static /home/issam/MPLABXProjects/picprog_firmware.X/read_data.c
                  __pa_10   0x00279e    program     static /home/issam/MPLABXProjects/picprog_firmware.X/prog_lolvl.c
                  __pa_10   0x005b4c    program     static /home/issam/MPLABXProjects/picprog_firmware.X/read_code.c
                  __pa_10   0x001586    program     static /home/issam/MPLABXProjects/picprog_firmware.X/write_code.c
                  __pa_10   0x003bda    program     static /home/issam/MPLABXProjects/picprog_firmware.X/upp.c
                  __pa_10   0x006232    program     static /home/issam/MPLABXProjects/picprog_firmware.X/bulk_erase.c
                  __pa_10   0x003192    program     static /home/issam/MPLABXProjects/picprog_firmware.X/write_config_bits.c
                 __pa_100   0x001a0c    program     static /home/issam/MPLABXProjects/picprog_firmware.X/write_code.c
                 __pa_101   0x001a12    program     static /home/issam/MPLABXProjects/picprog_firmware.X/write_code.c
                 __pa_102   0x001a18    program     static /home/issam/MPLABXProjects/picprog_firmware.X/write_code.c
                 __pa_103   0x001a1e    program     static /home/issam/MPLABXProjects/picprog_firmware.X/write_code.c
                 __pa_104   0x001a2c    program     static /home/issam/MPLABXProjects/picprog_firmware.X/write_code.c
                 __pa_105   0x001a38    program     static /home/issam/MPLABXProjects/picprog_firmware.X/write_code.c
                 __pa_106   0x001a46    program     static /home/issam/MPLABXProjects/picprog_firmware.X/write_code.c
                 __pa_107   0x001a4e    program     static /home/issam/MPLABXProjects/picprog_firmware.X/write_code.c
                 __pa_108   0x001a5e    program     static /home/issam/MPLABXProjects/picprog_firmware.X/write_code.c
                 __pa_109   0x001a6c    program     static /home/issam/MPLABXProjects/picprog_firmware.X/write_code.c
                  __pa_11   0x004c00    program     static /home/issam/MPLABXProjects/picprog_firmware.X/pic24E.c
                  __pa_11   0x0027b8    program     static /home/issam/MPLABXProjects/picprog_firmware.X/prog_lolvl.c
                  __pa_11   0x005372    program     static /home/issam/MPLABXProjects/picprog_firmware.X/write_data.c
                  __pa_11   0x004318    program     static /home/issam/MPLABXProjects/picprog_firmware.X/pic24.c
                  __pa_11   0x005b54    program     static /home/issam/MPLABXProjects/picprog_firmware.X/read_code.c
                  __pa_11   0x006964    program     static /home/issam/MPLABXProjects/picprog_firmware.X/read_data.c
                  __pa_11   0x003bee    program     static /home/issam/MPLABXProjects/picprog_firmware.X/upp.c
                  __pa_11   0x006242    program     static /home/issam/MPLABXProjects/picprog_firmware.X/bulk_erase.c
                  __pa_11   0x0031c2    program     static /home/issam/MPLABXProjects/picprog_firmware.X/write_config_bits.c
                  __pa_11   0x00158e    program     static /home/issam/MPLABXProjects/picprog_firmware.X/write_code.c
                 __pa_110   0x001a74    program     static /home/issam/MPLABXProjects/picprog_firmware.X/write_code.c
                 __pa_111   0x001a7e    program     static /home/issam/MPLABXProjects/picprog_firmware.X/write_code.c
                 __pa_112   0x001a8c    program     static /home/issam/MPLABXProjects/picprog_firmware.X/write_code.c
                 __pa_113   0x001a92    program     static /home/issam/MPLABXProjects/picprog_firmware.X/write_code.c
                 __pa_114   0x001a98    program     static /home/issam/MPLABXProjects/picprog_firmware.X/write_code.c
                 __pa_115   0x001a9e    program     static /home/issam/MPLABXProjects/picprog_firmware.X/write_code.c
                 __pa_116   0x001aa4    program     static /home/issam/MPLABXProjects/picprog_firmware.X/write_code.c
                 __pa_117   0x001ab0    program     static /home/issam/MPLABXProjects/picprog_firmware.X/write_code.c
                 __pa_118   0x001abc    program     static /home/issam/MPLABXProjects/picprog_firmware.X/write_code.c
                 __pa_119   0x001ac6    program     static /home/issam/MPLABXProjects/picprog_firmware.X/write_code.c
                  __pa_12   0x004c0a    program     static /home/issam/MPLABXProjects/picprog_firmware.X/pic24E.c
                  __pa_12   0x005b5c    program     static /home/issam/MPLABXProjects/picprog_firmware.X/read_code.c
                  __pa_12   0x0015a4    program     static /home/issam/MPLABXProjects/picprog_firmware.X/write_code.c
                  __pa_12   0x0031c8    program     static /home/issam/MPLABXProjects/picprog_firmware.X/write_config_bits.c
                  __pa_12   0x005380    program     static /home/issam/MPLABXProjects/picprog_firmware.X/write_data.c
                  __pa_12   0x0027c6    program     static /home/issam/MPLABXProjects/picprog_firmware.X/prog_lolvl.c
                  __pa_12   0x004320    program     static /home/issam/MPLABXProjects/picprog_firmware.X/pic24.c
                  __pa_12   0x006978    program     static /home/issam/MPLABXProjects/picprog_firmware.X/read_data.c
                  __pa_12   0x00624a    program     static /home/issam/MPLABXProjects/picprog_firmware.X/bulk_erase.c
                  __pa_12   0x003bf8    program     static /home/issam/MPLABXProjects/picprog_firmware.X/upp.c
                 __pa_120   0x001acc    program     static /home/issam/MPLABXProjects/picprog_firmware.X/write_code.c
                  __pa_13   0x0015aa    program     static /home/issam/MPLABXProjects/picprog_firmware.X/write_code.c
                  __pa_13   0x005b7a    program     static /home/issam/MPLABXProjects/picprog_firmware.X/read_code.c
                  __pa_13   0x006256    program     static /home/issam/MPLABXProjects/picprog_firmware.X/bulk_erase.c
                  __pa_13   0x0031d2    program     static /home/issam/MPLABXProjects/picprog_firmware.X/write_config_bits.c
                  __pa_13   0x006984    program     static /home/issam/MPLABXProjects/picprog_firmware.X/read_data.c
                  __pa_13   0x005392    program     static /home/issam/MPLABXProjects/picprog_firmware.X/write_data.c
                  __pa_13   0x003c00    program     static /home/issam/MPLABXProjects/picprog_firmware.X/upp.c
                  __pa_13   0x0027d2    program     static /home/issam/MPLABXProjects/picprog_firmware.X/prog_lolvl.c
                  __pa_13   0x004c18    program     static /home/issam/MPLABXProjects/picprog_firmware.X/pic24E.c
                  __pa_13   0x00432e    program     static /home/issam/MPLABXProjects/picprog_firmware.X/pic24.c
                  __pa_14   0x004c34    program     static /home/issam/MPLABXProjects/picprog_firmware.X/pic24E.c
                  __pa_14   0x0015b0    program     static /home/issam/MPLABXProjects/picprog_firmware.X/write_code.c
                  __pa_14   0x00698c    program     static /home/issam/MPLABXProjects/picprog_firmware.X/read_data.c
                  __pa_14   0x005b88    program     static /home/issam/MPLABXProjects/picprog_firmware.X/read_code.c
                  __pa_14   0x006270    program     static /home/issam/MPLABXProjects/picprog_firmware.X/bulk_erase.c
                  __pa_14   0x0031e2    program     static /home/issam/MPLABXProjects/picprog_firmware.X/write_config_bits.c
                  __pa_14   0x0027de    program     static /home/issam/MPLABXProjects/picprog_firmware.X/prog_lolvl.c
                  __pa_14   0x004334    program     static /home/issam/MPLABXProjects/picprog_firmware.X/pic24.c
                  __pa_14   0x003c0a    program     static /home/issam/MPLABXProjects/picprog_firmware.X/upp.c
                  __pa_14   0x00539e    program     static /home/issam/MPLABXProjects/picprog_firmware.X/write_data.c
                  __pa_15   0x005b96    program     static /home/issam/MPLABXProjects/picprog_firmware.X/read_code.c
                  __pa_15   0x00699a    program     static /home/issam/MPLABXProjects/picprog_firmware.X/read_data.c
                  __pa_15   0x0031ea    program     static /home/issam/MPLABXProjects/picprog_firmware.X/write_config_bits.c
                  __pa_15   0x00433e    program     static /home/issam/MPLABXProjects/picprog_firmware.X/pic24.c
                  __pa_15   0x006278    program     static /home/issam/MPLABXProjects/picprog_firmware.X/bulk_erase.c
                  __pa_15   0x004c3e    program     static /home/issam/MPLABXProjects/picprog_firmware.X/pic24E.c
                  __pa_15   0x0015be    program     static /home/issam/MPLABXProjects/picprog_firmware.X/write_code.c
                  __pa_15   0x0027e8    program     static /home/issam/MPLABXProjects/picprog_firmware.X/prog_lolvl.c
                  __pa_15   0x0053b0    program     static /home/issam/MPLABXProjects/picprog_firmware.X/write_data.c
                  __pa_15   0x003c18    program     static /home/issam/MPLABXProjects/picprog_firmware.X/upp.c
                  __pa_16   0x004354    program     static /home/issam/MPLABXProjects/picprog_firmware.X/pic24.c
                  __pa_16   0x0069a4    program     static /home/issam/MPLABXProjects/picprog_firmware.X/read_data.c
                  __pa_16   0x0027f4    program     static /home/issam/MPLABXProjects/picprog_firmware.X/prog_lolvl.c
                  __pa_16   0x0015d4    program     static /home/issam/MPLABXProjects/picprog_firmware.X/write_code.c
                  __pa_16   0x005ba6    program     static /home/issam/MPLABXProjects/picprog_firmware.X/read_code.c
                  __pa_16   0x0031f8    program     static /home/issam/MPLABXProjects/picprog_firmware.X/write_config_bits.c
                  __pa_16   0x00628e    program     static /home/issam/MPLABXProjects/picprog_firmware.X/bulk_erase.c
                  __pa_16   0x003c26    program     static /home/issam/MPLABXProjects/picprog_firmware.X/upp.c
                  __pa_16   0x004c4c    program     static /home/issam/MPLABXProjects/picprog_firmware.X/pic24E.c
                  __pa_16   0x0053bc    program     static /home/issam/MPLABXProjects/picprog_firmware.X/write_data.c
                  __pa_17   0x0053c4    program     static /home/issam/MPLABXProjects/picprog_firmware.X/write_data.c
                  __pa_17   0x005bb4    program     static /home/issam/MPLABXProjects/picprog_firmware.X/read_code.c
                  __pa_17   0x0031fe    program     static /home/issam/MPLABXProjects/picprog_firmware.X/write_config_bits.c
                  __pa_17   0x004c56    program     static /home/issam/MPLABXProjects/picprog_firmware.X/pic24E.c
                  __pa_17   0x0015da    program     static /home/issam/MPLABXProjects/picprog_firmware.X/write_code.c
                  __pa_17   0x006298    program     static /home/issam/MPLABXProjects/picprog_firmware.X/bulk_erase.c
                  __pa_17   0x003c42    program     static /home/issam/MPLABXProjects/picprog_firmware.X/upp.c
                  __pa_17   0x004362    program     static /home/issam/MPLABXProjects/picprog_firmware.X/pic24.c
                  __pa_17   0x0069b2    program     static /home/issam/MPLABXProjects/picprog_firmware.X/read_data.c
                  __pa_17   0x002804    program     static /home/issam/MPLABXProjects/picprog_firmware.X/prog_lolvl.c
                  __pa_18   0x0062a6    program     static /home/issam/MPLABXProjects/picprog_firmware.X/bulk_erase.c
                  __pa_18   0x0053cc    program     static /home/issam/MPLABXProjects/picprog_firmware.X/write_data.c
                  __pa_18   0x00280a    program     static /home/issam/MPLABXProjects/picprog_firmware.X/prog_lolvl.c
                  __pa_18   0x004374    program     static /home/issam/MPLABXProjects/picprog_firmware.X/pic24.c
                  __pa_18   0x005bc2    program     static /home/issam/MPLABXProjects/picprog_firmware.X/read_code.c
                  __pa_18   0x003c4e    program     static /home/issam/MPLABXProjects/picprog_firmware.X/upp.c
                  __pa_18   0x003206    program     static /home/issam/MPLABXProjects/picprog_firmware.X/write_config_bits.c
                  __pa_18   0x0069c2    program     static /home/issam/MPLABXProjects/picprog_firmware.X/read_data.c
                  __pa_18   0x0015e6    program     static /home/issam/MPLABXProjects/picprog_firmware.X/write_code.c
                  __pa_18   0x004c68    program     static /home/issam/MPLABXProjects/picprog_firmware.X/pic24E.c
                  __pa_19   0x003210    program     static /home/issam/MPLABXProjects/picprog_firmware.X/write_config_bits.c
                  __pa_19   0x003c5a    program     static /home/issam/MPLABXProjects/picprog_firmware.X/upp.c
                  __pa_19   0x002814    program     static /home/issam/MPLABXProjects/picprog_firmware.X/prog_lolvl.c
                  __pa_19   0x004380    program     static /home/issam/MPLABXProjects/picprog_firmware.X/pic24.c
                  __pa_19   0x0053da    program     static /home/issam/MPLABXProjects/picprog_firmware.X/write_data.c
                  __pa_19   0x005bd0    program     static /home/issam/MPLABXProjects/picprog_firmware.X/read_code.c
                  __pa_19   0x001608    program     static /home/issam/MPLABXProjects/picprog_firmware.X/write_code.c
                  __pa_19   0x004c7a    program     static /home/issam/MPLABXProjects/picprog_firmware.X/pic24E.c
                  __pa_19   0x0062b4    program     static /home/issam/MPLABXProjects/picprog_firmware.X/bulk_erase.c
                  __pa_19   0x0069d2    program     static /home/issam/MPLABXProjects/picprog_firmware.X/read_data.c
                   __pa_2   0x007666    program     static /home/issam/MPLABXProjects/picprog_firmware.X/usbctrltrf.c
                   __pa_2   0x0061ea    program     static /home/issam/MPLABXProjects/picprog_firmware.X/bulk_erase.c
                   __pa_2   0x00270e    program     static /home/issam/MPLABXProjects/picprog_firmware.X/prog_lolvl.c
                   __pa_2   0x0068c6    program     static /home/issam/MPLABXProjects/picprog_firmware.X/read_data.c
                   __pa_2   0x005a88    program     static /home/issam/MPLABXProjects/picprog_firmware.X/read_code.c
                   __pa_2   0x004b42    program     static /home/issam/MPLABXProjects/picprog_firmware.X/pic24E.c
                   __pa_2   0x00529a    program     static /home/issam/MPLABXProjects/picprog_firmware.X/write_data.c
                   __pa_2   0x0073f8    program     static /home/issam/MPLABXProjects/picprog_firmware.X/usb9.c
                   __pa_2   0x003b02    program     static /home/issam/MPLABXProjects/picprog_firmware.X/upp.c
                   __pa_2   0x004274    program     static /home/issam/MPLABXProjects/picprog_firmware.X/pic24.c
                   __pa_2   0x0030f0    program     static /home/issam/MPLABXProjects/picprog_firmware.X/write_config_bits.c
                   __pa_2   0x0014f2    program     static /home/issam/MPLABXProjects/picprog_firmware.X/write_code.c
                  __pa_20   0x00438c    program     static /home/issam/MPLABXProjects/picprog_firmware.X/pic24.c
                  __pa_20   0x003c64    program     static /home/issam/MPLABXProjects/picprog_firmware.X/upp.c
                  __pa_20   0x005be2    program     static /home/issam/MPLABXProjects/picprog_firmware.X/read_code.c
                  __pa_20   0x00282a    program     static /home/issam/MPLABXProjects/picprog_firmware.X/prog_lolvl.c
                  __pa_20   0x003218    program     static /home/issam/MPLABXProjects/picprog_firmware.X/write_config_bits.c
                  __pa_20   0x0053ea    program     static /home/issam/MPLABXProjects/picprog_firmware.X/write_data.c
                  __pa_20   0x004c88    program     static /home/issam/MPLABXProjects/picprog_firmware.X/pic24E.c
                  __pa_20   0x00161c    program     static /home/issam/MPLABXProjects/picprog_firmware.X/write_code.c
                  __pa_20   0x0062be    program     static /home/issam/MPLABXProjects/picprog_firmware.X/bulk_erase.c
                  __pa_20   0x0069dc    program     static /home/issam/MPLABXProjects/picprog_firmware.X/read_data.c
                  __pa_21   0x0062c6    program     static /home/issam/MPLABXProjects/picprog_firmware.X/bulk_erase.c
                  __pa_21   0x001624    program     static /home/issam/MPLABXProjects/picprog_firmware.X/write_code.c
                  __pa_21   0x003c7a    program     static /home/issam/MPLABXProjects/picprog_firmware.X/upp.c
                  __pa_21   0x004398    program     static /home/issam/MPLABXProjects/picprog_firmware.X/pic24.c
                  __pa_21   0x0069e4    program     static /home/issam/MPLABXProjects/picprog_firmware.X/read_data.c
                  __pa_21   0x004c96    program     static /home/issam/MPLABXProjects/picprog_firmware.X/pic24E.c
                  __pa_21   0x003222    program     static /home/issam/MPLABXProjects/picprog_firmware.X/write_config_bits.c
                  __pa_21   0x0053f0    program     static /home/issam/MPLABXProjects/picprog_firmware.X/write_data.c
                  __pa_21   0x002834    program     static /home/issam/MPLABXProjects/picprog_firmware.X/prog_lolvl.c
                  __pa_21   0x005be8    program     static /home/issam/MPLABXProjects/picprog_firmware.X/read_code.c
                  __pa_22   0x003c8c    program     static /home/issam/MPLABXProjects/picprog_firmware.X/upp.c
                  __pa_22   0x0043a2    program     static /home/issam/MPLABXProjects/picprog_firmware.X/pic24.c
                  __pa_22   0x004ca4    program     static /home/issam/MPLABXProjects/picprog_firmware.X/pic24E.c
                  __pa_22   0x00283e    program     static /home/issam/MPLABXProjects/picprog_firmware.X/prog_lolvl.c
                  __pa_22   0x0053fe    program     static /home/issam/MPLABXProjects/picprog_firmware.X/write_data.c
                  __pa_22   0x005bf6    program     static /home/issam/MPLABXProjects/picprog_firmware.X/read_code.c
                  __pa_22   0x00322a    program     static /home/issam/MPLABXProjects/picprog_firmware.X/write_config_bits.c
                  __pa_22   0x0062cc    program     static /home/issam/MPLABXProjects/picprog_firmware.X/bulk_erase.c
                  __pa_22   0x001632    program     static /home/issam/MPLABXProjects/picprog_firmware.X/write_code.c
                  __pa_22   0x0069ee    program     static /home/issam/MPLABXProjects/picprog_firmware.X/read_data.c
                  __pa_23   0x005406    program     static /home/issam/MPLABXProjects/picprog_firmware.X/write_data.c
                  __pa_23   0x004cae    program     static /home/issam/MPLABXProjects/picprog_firmware.X/pic24E.c
                  __pa_23   0x003234    program     static /home/issam/MPLABXProjects/picprog_firmware.X/write_config_bits.c
                  __pa_23   0x0043b0    program     static /home/issam/MPLABXProjects/picprog_firmware.X/pic24.c
                  __pa_23   0x0062d8    program     static /home/issam/MPLABXProjects/picprog_firmware.X/bulk_erase.c
                  __pa_23   0x0069fa    program     static /home/issam/MPLABXProjects/picprog_firmware.X/read_data.c
                  __pa_23   0x001638    program     static /home/issam/MPLABXProjects/picprog_firmware.X/write_code.c
                  __pa_23   0x005c04    program     static /home/issam/MPLABXProjects/picprog_firmware.X/read_code.c
                  __pa_23   0x002846    program     static /home/issam/MPLABXProjects/picprog_firmware.X/prog_lolvl.c
                  __pa_24   0x0062e4    program     static /home/issam/MPLABXProjects/picprog_firmware.X/bulk_erase.c
                  __pa_24   0x0043be    program     static /home/issam/MPLABXProjects/picprog_firmware.X/pic24.c
                  __pa_24   0x001640    program     static /home/issam/MPLABXProjects/picprog_firmware.X/write_code.c
                  __pa_24   0x003254    program     static /home/issam/MPLABXProjects/picprog_firmware.X/write_config_bits.c
                  __pa_24   0x006a06    program     static /home/issam/MPLABXProjects/picprog_firmware.X/read_data.c
                  __pa_24   0x005412    program     static /home/issam/MPLABXProjects/picprog_firmware.X/write_data.c
                  __pa_24   0x005c0e    program     static /home/issam/MPLABXProjects/picprog_firmware.X/read_code.c
                  __pa_24   0x002852    program     static /home/issam/MPLABXProjects/picprog_firmware.X/prog_lolvl.c
                  __pa_24   0x004cb2    program     static /home/issam/MPLABXProjects/picprog_firmware.X/pic24E.c
                  __pa_25   0x00325e    program     static /home/issam/MPLABXProjects/picprog_firmware.X/write_config_bits.c
                  __pa_25   0x00541a    program     static /home/issam/MPLABXProjects/picprog_firmware.X/write_data.c
                  __pa_25   0x0043c8    program     static /home/issam/MPLABXProjects/picprog_firmware.X/pic24.c
                  __pa_25   0x004cbc    program     static /home/issam/MPLABXProjects/picprog_firmware.X/pic24E.c
                  __pa_25   0x005c16    program     static /home/issam/MPLABXProjects/picprog_firmware.X/read_code.c
                  __pa_25   0x006a10    program     static /home/issam/MPLABXProjects/picprog_firmware.X/read_data.c
                  __pa_25   0x001646    program     static /home/issam/MPLABXProjects/picprog_firmware.X/write_code.c
                  __pa_25   0x0062f2    program     static /home/issam/MPLABXProjects/picprog_firmware.X/bulk_erase.c
                  __pa_25   0x002858    program     static /home/issam/MPLABXProjects/picprog_firmware.X/prog_lolvl.c
                  __pa_26   0x005c24    program     static /home/issam/MPLABXProjects/picprog_firmware.X/read_code.c
                  __pa_26   0x003272    program     static /home/issam/MPLABXProjects/picprog_firmware.X/write_config_bits.c
                  __pa_26   0x002860    program     static /home/issam/MPLABXProjects/picprog_firmware.X/prog_lolvl.c
                  __pa_26   0x00169a    program     static /home/issam/MPLABXProjects/picprog_firmware.X/write_code.c
                  __pa_26   0x005442    program     static /home/issam/MPLABXProjects/picprog_firmware.X/write_data.c
                  __pa_26   0x006a1a    program     static /home/issam/MPLABXProjects/picprog_firmware.X/read_data.c
                  __pa_26   0x0062fc    program     static /home/issam/MPLABXProjects/picprog_firmware.X/bulk_erase.c
                  __pa_26   0x004cea    program     static /home/issam/MPLABXProjects/picprog_firmware.X/pic24E.c
                  __pa_26   0x0043d2    program     static /home/issam/MPLABXProjects/picprog_firmware.X/pic24.c
                  __pa_27   0x0016a0    program     static /home/issam/MPLABXProjects/picprog_firmware.X/write_code.c
                  __pa_27   0x0043da    program     static /home/issam/MPLABXProjects/picprog_firmware.X/pic24.c
                  __pa_27   0x006304    program     static /home/issam/MPLABXProjects/picprog_firmware.X/bulk_erase.c
                  __pa_27   0x005c2a    program     static /home/issam/MPLABXProjects/picprog_firmware.X/read_code.c
                  __pa_27   0x005452    program     static /home/issam/MPLABXProjects/picprog_firmware.X/write_data.c
                  __pa_27   0x004cf6    program     static /home/issam/MPLABXProjects/picprog_firmware.X/pic24E.c
                  __pa_27   0x00327e    program     static /home/issam/MPLABXProjects/picprog_firmware.X/write_config_bits.c
                  __pa_27   0x002866    program     static /home/issam/MPLABXProjects/picprog_firmware.X/prog_lolvl.c
                  __pa_27   0x006a22    program     static /home/issam/MPLABXProjects/picprog_firmware.X/read_data.c
                  __pa_28   0x005c3c    program     static /home/issam/MPLABXProjects/picprog_firmware.X/read_code.c
                  __pa_28   0x005472    program     static /home/issam/MPLABXProjects/picprog_firmware.X/write_data.c
                  __pa_28   0x0016a6    program     static /home/issam/MPLABXProjects/picprog_firmware.X/write_code.c
                  __pa_28   0x0043e4    program     static /home/issam/MPLABXProjects/picprog_firmware.X/pic24.c
                  __pa_28   0x004d14    program     static /home/issam/MPLABXProjects/picprog_firmware.X/pic24E.c
                  __pa_28   0x006310    program     static /home/issam/MPLABXProjects/picprog_firmware.X/bulk_erase.c
                  __pa_28   0x002870    program     static /home/issam/MPLABXProjects/picprog_firmware.X/prog_lolvl.c
                  __pa_28   0x003296    program     static /home/issam/MPLABXProjects/picprog_firmware.X/write_config_bits.c
                  __pa_29   0x005482    program     static /home/issam/MPLABXProjects/picprog_firmware.X/write_data.c
                  __pa_29   0x0032a0    program     static /home/issam/MPLABXProjects/picprog_firmware.X/write_config_bits.c
                  __pa_29   0x004d26    program     static /home/issam/MPLABXProjects/picprog_firmware.X/pic24E.c
                  __pa_29   0x006316    program     static /home/issam/MPLABXProjects/picprog_firmware.X/bulk_erase.c
                  __pa_29   0x005c5a    program     static /home/issam/MPLABXProjects/picprog_firmware.X/read_code.c
                  __pa_29   0x0043e8    program     static /home/issam/MPLABXProjects/picprog_firmware.X/pic24.c
                  __pa_29   0x00287a    program     static /home/issam/MPLABXProjects/picprog_firmware.X/prog_lolvl.c
                  __pa_29   0x0016ba    program     static /home/issam/MPLABXProjects/picprog_firmware.X/write_code.c
                   __pa_3   0x0068d8    program     static /home/issam/MPLABXProjects/picprog_firmware.X/read_data.c
                   __pa_3   0x003132    program     static /home/issam/MPLABXProjects/picprog_firmware.X/write_config_bits.c
                   __pa_3   0x001506    program     static /home/issam/MPLABXProjects/picprog_firmware.X/write_code.c
                   __pa_3   0x00271a    program     static /home/issam/MPLABXProjects/picprog_firmware.X/prog_lolvl.c
                   __pa_3   0x0052be    program     static /home/issam/MPLABXProjects/picprog_firmware.X/write_data.c
                   __pa_3   0x007674    program     static /home/issam/MPLABXProjects/picprog_firmware.X/usbctrltrf.c
                   __pa_3   0x0061f8    program     static /home/issam/MPLABXProjects/picprog_firmware.X/bulk_erase.c
                   __pa_3   0x00740a    program     static /home/issam/MPLABXProjects/picprog_firmware.X/usb9.c
                   __pa_3   0x004b46    program     static /home/issam/MPLABXProjects/picprog_firmware.X/pic24E.c
                   __pa_3   0x005a92    program     static /home/issam/MPLABXProjects/picprog_firmware.X/read_code.c
                   __pa_3   0x003b66    program     static /home/issam/MPLABXProjects/picprog_firmware.X/upp.c
                   __pa_3   0x00428a    program     static /home/issam/MPLABXProjects/picprog_firmware.X/pic24.c
                  __pa_30   0x0032a6    program     static /home/issam/MPLABXProjects/picprog_firmware.X/write_config_bits.c
                  __pa_30   0x00631e    program     static /home/issam/MPLABXProjects/picprog_firmware.X/bulk_erase.c
                  __pa_30   0x004d30    program     static /home/issam/MPLABXProjects/picprog_firmware.X/pic24E.c
                  __pa_30   0x005c72    program     static /home/issam/MPLABXProjects/picprog_firmware.X/read_code.c
                  __pa_30   0x0016ca    program     static /home/issam/MPLABXProjects/picprog_firmware.X/write_code.c
                  __pa_30   0x002880    program     static /home/issam/MPLABXProjects/picprog_firmware.X/prog_lolvl.c
                  __pa_30   0x00548c    program     static /home/issam/MPLABXProjects/picprog_firmware.X/write_data.c
                  __pa_30   0x0043ee    program     static /home/issam/MPLABXProjects/picprog_firmware.X/pic24.c
                  __pa_31   0x005c82    program     static /home/issam/MPLABXProjects/picprog_firmware.X/read_code.c
                  __pa_31   0x004d3c    program     static /home/issam/MPLABXProjects/picprog_firmware.X/pic24E.c
                  __pa_31   0x0016d6    program     static /home/issam/MPLABXProjects/picprog_firmware.X/write_code.c
                  __pa_31   0x0043fc    program     static /home/issam/MPLABXProjects/picprog_firmware.X/pic24.c
                  __pa_31   0x0032b8    program     static /home/issam/MPLABXProjects/picprog_firmware.X/write_config_bits.c
                  __pa_31   0x006330    program     static /home/issam/MPLABXProjects/picprog_firmware.X/bulk_erase.c
                  __pa_31   0x0054a2    program     static /home/issam/MPLABXProjects/picprog_firmware.X/write_data.c
                  __pa_32   0x0032c6    program     static /home/issam/MPLABXProjects/picprog_firmware.X/write_config_bits.c
                  __pa_32   0x0054ac    program     static /home/issam/MPLABXProjects/picprog_firmware.X/write_data.c
                  __pa_32   0x0016f0    program     static /home/issam/MPLABXProjects/picprog_firmware.X/write_code.c
                  __pa_32   0x004d4e    program     static /home/issam/MPLABXProjects/picprog_firmware.X/pic24E.c
                  __pa_32   0x006338    program     static /home/issam/MPLABXProjects/picprog_firmware.X/bulk_erase.c
                  __pa_32   0x00441a    program     static /home/issam/MPLABXProjects/picprog_firmware.X/pic24.c
                  __pa_32   0x005c94    program     static /home/issam/MPLABXProjects/picprog_firmware.X/read_code.c
                  __pa_33   0x006346    program     static /home/issam/MPLABXProjects/picprog_firmware.X/bulk_erase.c
                  __pa_33   0x005ca0    program     static /home/issam/MPLABXProjects/picprog_firmware.X/read_code.c
                  __pa_33   0x0054b2    program     static /home/issam/MPLABXProjects/picprog_firmware.X/write_data.c
                  __pa_33   0x00442c    program     static /home/issam/MPLABXProjects/picprog_firmware.X/pic24.c
                  __pa_33   0x0032cc    program     static /home/issam/MPLABXProjects/picprog_firmware.X/write_config_bits.c
                  __pa_33   0x004d5a    program     static /home/issam/MPLABXProjects/picprog_firmware.X/pic24E.c
                  __pa_33   0x0016f8    program     static /home/issam/MPLABXProjects/picprog_firmware.X/write_code.c
                  __pa_34   0x006358    program     static /home/issam/MPLABXProjects/picprog_firmware.X/bulk_erase.c
                  __pa_34   0x005cae    program     static /home/issam/MPLABXProjects/picprog_firmware.X/read_code.c
                  __pa_34   0x0032d6    program     static /home/issam/MPLABXProjects/picprog_firmware.X/write_config_bits.c
                  __pa_34   0x0054c2    program     static /home/issam/MPLABXProjects/picprog_firmware.X/write_data.c
                  __pa_34   0x00444a    program     static /home/issam/MPLABXProjects/picprog_firmware.X/pic24.c
                  __pa_34   0x004d60    program     static /home/issam/MPLABXProjects/picprog_firmware.X/pic24E.c
                  __pa_34   0x0016fe    program     static /home/issam/MPLABXProjects/picprog_firmware.X/write_code.c
                  __pa_35   0x005cb8    program     static /home/issam/MPLABXProjects/picprog_firmware.X/read_code.c
                  __pa_35   0x0032de    program     static /home/issam/MPLABXProjects/picprog_firmware.X/write_config_bits.c
                  __pa_35   0x00170c    program     static /home/issam/MPLABXProjects/picprog_firmware.X/write_code.c
                  __pa_35   0x004464    program     static /home/issam/MPLABXProjects/picprog_firmware.X/pic24.c
                  __pa_35   0x004d66    program     static /home/issam/MPLABXProjects/picprog_firmware.X/pic24E.c
                  __pa_35   0x0054d0    program     static /home/issam/MPLABXProjects/picprog_firmware.X/write_data.c
                  __pa_35   0x006360    program     static /home/issam/MPLABXProjects/picprog_firmware.X/bulk_erase.c
                  __pa_36   0x004480    program     static /home/issam/MPLABXProjects/picprog_firmware.X/pic24.c
                  __pa_36   0x001712    program     static /home/issam/MPLABXProjects/picprog_firmware.X/write_code.c
                  __pa_36   0x004d6c    program     static /home/issam/MPLABXProjects/picprog_firmware.X/pic24E.c
                  __pa_36   0x005cc2    program     static /home/issam/MPLABXProjects/picprog_firmware.X/read_code.c
                  __pa_36   0x0054d6    program     static /home/issam/MPLABXProjects/picprog_firmware.X/write_data.c
                  __pa_36   0x0032e6    program     static /home/issam/MPLABXProjects/picprog_firmware.X/write_config_bits.c
                  __pa_36   0x006368    program     static /home/issam/MPLABXProjects/picprog_firmware.X/bulk_erase.c
                  __pa_37   0x0032ec    program     static /home/issam/MPLABXProjects/picprog_firmware.X/write_config_bits.c
                  __pa_37   0x005cd4    program     static /home/issam/MPLABXProjects/picprog_firmware.X/read_code.c
                  __pa_37   0x00172a    program     static /home/issam/MPLABXProjects/picprog_firmware.X/write_code.c
                  __pa_37   0x00448c    program     static /home/issam/MPLABXProjects/picprog_firmware.X/pic24.c
                  __pa_37   0x004d76    program     static /home/issam/MPLABXProjects/picprog_firmware.X/pic24E.c
                  __pa_37   0x0054ec    program     static /home/issam/MPLABXProjects/picprog_firmware.X/write_data.c
                  __pa_37   0x00636e    program     static /home/issam/MPLABXProjects/picprog_firmware.X/bulk_erase.c
                  __pa_38   0x001740    program     static /home/issam/MPLABXProjects/picprog_firmware.X/write_code.c
                  __pa_38   0x004494    program     static /home/issam/MPLABXProjects/picprog_firmware.X/pic24.c
                  __pa_38   0x004d80    program     static /home/issam/MPLABXProjects/picprog_firmware.X/pic24E.c
                  __pa_38   0x0032fa    program     static /home/issam/MPLABXProjects/picprog_firmware.X/write_config_bits.c
                  __pa_38   0x006378    program     static /home/issam/MPLABXProjects/picprog_firmware.X/bulk_erase.c
                  __pa_38   0x0054fa    program     static /home/issam/MPLABXProjects/picprog_firmware.X/write_data.c
                  __pa_38   0x005ce4    program     static /home/issam/MPLABXProjects/picprog_firmware.X/read_code.c
                  __pa_39   0x0044a8    program     static /home/issam/MPLABXProjects/picprog_firmware.X/pic24.c
                  __pa_39   0x005cf2    program     static /home/issam/MPLABXProjects/picprog_firmware.X/read_code.c
                  __pa_39   0x004d86    program     static /home/issam/MPLABXProjects/picprog_firmware.X/pic24E.c
                  __pa_39   0x00174a    program     static /home/issam/MPLABXProjects/picprog_firmware.X/write_code.c
                  __pa_39   0x003302    program     static /home/issam/MPLABXProjects/picprog_firmware.X/write_config_bits.c
                  __pa_39   0x005504    program     static /home/issam/MPLABXProjects/picprog_firmware.X/write_data.c
                  __pa_39   0x00637c    program     static /home/issam/MPLABXProjects/picprog_firmware.X/bulk_erase.c
                   __pa_4   0x007682    program     static /home/issam/MPLABXProjects/picprog_firmware.X/usbctrltrf.c
                   __pa_4   0x002726    program     static /home/issam/MPLABXProjects/picprog_firmware.X/prog_lolvl.c
                   __pa_4   0x0061fe    program     static /home/issam/MPLABXProjects/picprog_firmware.X/bulk_erase.c
                   __pa_4   0x00741a    program     static /home/issam/MPLABXProjects/picprog_firmware.X/usb9.c
                   __pa_4   0x00313c    program     static /home/issam/MPLABXProjects/picprog_firmware.X/write_config_bits.c
                   __pa_4   0x00150a    program     static /home/issam/MPLABXProjects/picprog_firmware.X/write_code.c
                   __pa_4   0x0052d6    program     static /home/issam/MPLABXProjects/picprog_firmware.X/write_data.c
                   __pa_4   0x003b78    program     static /home/issam/MPLABXProjects/picprog_firmware.X/upp.c
                   __pa_4   0x004292    program     static /home/issam/MPLABXProjects/picprog_firmware.X/pic24.c
                   __pa_4   0x005aa6    program     static /home/issam/MPLABXProjects/picprog_firmware.X/read_code.c
                   __pa_4   0x0068ee    program     static /home/issam/MPLABXProjects/picprog_firmware.X/read_data.c
                   __pa_4   0x004b6e    program     static /home/issam/MPLABXProjects/picprog_firmware.X/pic24E.c
                  __pa_40   0x001754    program     static /home/issam/MPLABXProjects/picprog_firmware.X/write_code.c
                  __pa_40   0x0044b6    program     static /home/issam/MPLABXProjects/picprog_firmware.X/pic24.c
                  __pa_40   0x005cf8    program     static /home/issam/MPLABXProjects/picprog_firmware.X/read_code.c
                  __pa_40   0x005510    program     static /home/issam/MPLABXProjects/picprog_firmware.X/write_data.c
                  __pa_40   0x004d94    program     static /home/issam/MPLABXProjects/picprog_firmware.X/pic24E.c
                  __pa_40   0x003310    program     static /home/issam/MPLABXProjects/picprog_firmware.X/write_config_bits.c
                  __pa_40   0x00638c    program     static /home/issam/MPLABXProjects/picprog_firmware.X/bulk_erase.c
                  __pa_41   0x005d02    program     static /home/issam/MPLABXProjects/picprog_firmware.X/read_code.c
                  __pa_41   0x00176a    program     static /home/issam/MPLABXProjects/picprog_firmware.X/write_code.c
                  __pa_41   0x00551e    program     static /home/issam/MPLABXProjects/picprog_firmware.X/write_data.c
                  __pa_41   0x004d9a    program     static /home/issam/MPLABXProjects/picprog_firmware.X/pic24E.c
                  __pa_41   0x0044c8    program     static /home/issam/MPLABXProjects/picprog_firmware.X/pic24.c
                  __pa_41   0x006394    program     static /home/issam/MPLABXProjects/picprog_firmware.X/bulk_erase.c
                  __pa_41   0x00331c    program     static /home/issam/MPLABXProjects/picprog_firmware.X/write_config_bits.c
                  __pa_42   0x005526    program     static /home/issam/MPLABXProjects/picprog_firmware.X/write_data.c
                  __pa_42   0x00332c    program     static /home/issam/MPLABXProjects/picprog_firmware.X/write_config_bits.c
                  __pa_42   0x0044da    program     static /home/issam/MPLABXProjects/picprog_firmware.X/pic24.c
                  __pa_42   0x00639e    program     static /home/issam/MPLABXProjects/picprog_firmware.X/bulk_erase.c
                  __pa_42   0x005d08    program     static /home/issam/MPLABXProjects/picprog_firmware.X/read_code.c
                  __pa_42   0x004da4    program     static /home/issam/MPLABXProjects/picprog_firmware.X/pic24E.c
                  __pa_42   0x001770    program     static /home/issam/MPLABXProjects/picprog_firmware.X/write_code.c
                  __pa_43   0x003336    program     static /home/issam/MPLABXProjects/picprog_firmware.X/write_config_bits.c
                  __pa_43   0x00177a    program     static /home/issam/MPLABXProjects/picprog_firmware.X/write_code.c
                  __pa_43   0x005d0e    program     static /home/issam/MPLABXProjects/picprog_firmware.X/read_code.c
                  __pa_43   0x004db2    program     static /home/issam/MPLABXProjects/picprog_firmware.X/pic24E.c
                  __pa_43   0x0044e8    program     static /home/issam/MPLABXProjects/picprog_firmware.X/pic24.c
                  __pa_43   0x005530    program     static /home/issam/MPLABXProjects/picprog_firmware.X/write_data.c
                  __pa_43   0x0063a8    program     static /home/issam/MPLABXProjects/picprog_firmware.X/bulk_erase.c
                  __pa_44   0x001782    program     static /home/issam/MPLABXProjects/picprog_firmware.X/write_code.c
                  __pa_44   0x0063b2    program     static /home/issam/MPLABXProjects/picprog_firmware.X/bulk_erase.c
                  __pa_44   0x00334e    program     static /home/issam/MPLABXProjects/picprog_firmware.X/write_config_bits.c
                  __pa_44   0x00553a    program     static /home/issam/MPLABXProjects/picprog_firmware.X/write_data.c
                  __pa_44   0x005d18    program     static /home/issam/MPLABXProjects/picprog_firmware.X/read_code.c
                  __pa_44   0x004dba    program     static /home/issam/MPLABXProjects/picprog_firmware.X/pic24E.c
                  __pa_44   0x0044f2    program     static /home/issam/MPLABXProjects/picprog_firmware.X/pic24.c
                  __pa_45   0x001792    program     static /home/issam/MPLABXProjects/picprog_firmware.X/write_code.c
                  __pa_45   0x0044f8    program     static /home/issam/MPLABXProjects/picprog_firmware.X/pic24.c
                  __pa_45   0x0063be    program     static /home/issam/MPLABXProjects/picprog_firmware.X/bulk_erase.c
                  __pa_45   0x003354    program     static /home/issam/MPLABXProjects/picprog_firmware.X/write_config_bits.c
                  __pa_45   0x005d36    program     static /home/issam/MPLABXProjects/picprog_firmware.X/read_code.c
                  __pa_45   0x004dca    program     static /home/issam/MPLABXProjects/picprog_firmware.X/pic24E.c
                  __pa_45   0x00555c    program     static /home/issam/MPLABXProjects/picprog_firmware.X/write_data.c
                  __pa_46   0x004500    program     static /home/issam/MPLABXProjects/picprog_firmware.X/pic24.c
                  __pa_46   0x005d40    program     static /home/issam/MPLABXProjects/picprog_firmware.X/read_code.c
                  __pa_46   0x004dd2    program     static /home/issam/MPLABXProjects/picprog_firmware.X/pic24E.c
                  __pa_46   0x003360    program     static /home/issam/MPLABXProjects/picprog_firmware.X/write_config_bits.c
                  __pa_46   0x001796    program     static /home/issam/MPLABXProjects/picprog_firmware.X/write_code.c
                  __pa_46   0x005562    program     static /home/issam/MPLABXProjects/picprog_firmware.X/write_data.c
                  __pa_46   0x0063c6    program     static /home/issam/MPLABXProjects/picprog_firmware.X/bulk_erase.c
                  __pa_47   0x00450a    program     static /home/issam/MPLABXProjects/picprog_firmware.X/pic24.c
                  __pa_47   0x00556c    program     static /home/issam/MPLABXProjects/picprog_firmware.X/write_data.c
                  __pa_47   0x00179c    program     static /home/issam/MPLABXProjects/picprog_firmware.X/write_code.c
                  __pa_47   0x005d4a    program     static /home/issam/MPLABXProjects/picprog_firmware.X/read_code.c
                  __pa_47   0x003368    program     static /home/issam/MPLABXProjects/picprog_firmware.X/write_config_bits.c
                  __pa_47   0x0063d0    program     static /home/issam/MPLABXProjects/picprog_firmware.X/bulk_erase.c
                  __pa_48   0x005572    program     static /home/issam/MPLABXProjects/picprog_firmware.X/write_data.c
                  __pa_48   0x003370    program     static /home/issam/MPLABXProjects/picprog_firmware.X/write_config_bits.c
[...]
                    PORTC   0x000f82       data     extern C:\MCC18\v3_39\src\traditional\proc\p18F4550.asm
                PORTDbits   0x000f83       data     extern C:\MCC18\v3_39\src\traditional\proc\p18F4550.asm
                    PORTD   0x000f83       data     extern C:\MCC18\v3_39\src\traditional\proc\p18F4550.asm
                PORTEbits   0x000f84       data     extern C:\MCC18\v3_39\src\traditional\proc\p18F4550.asm
                    PORTE   0x000f84       data     extern C:\MCC18\v3_39\src\traditional\proc\p18F4550.asm
                 LATAbits   0x000f89       data     extern C:\MCC18\v3_39\src\traditional\proc\p18F4550.asm
                     LATA   0x000f89       data     extern C:\MCC18\v3_39\src\traditional\proc\p18F4550.asm
                 LATBbits   0x000f8a       data     extern C:\MCC18\v3_39\src\traditional\proc\p18F4550.asm
                     LATB   0x000f8a       data     extern C:\MCC18\v3_39\src\traditional\proc\p18F4550.asm
                 LATCbits   0x000f8b       data     extern C:\MCC18\v3_39\src\traditional\proc\p18F4550.asm
                     LATC   0x000f8b       data     extern C:\MCC18\v3_39\src\traditional\proc\p18F4550.asm
                 LATDbits   0x000f8c       data     extern C:\MCC18\v3_39\src\traditional\proc\p18F4550.asm
                     LATD   0x000f8c       data     extern C:\MCC18\v3_39\src\traditional\proc\p18F4550.asm
                 LATEbits   0x000f8d       data     extern C:\MCC18\v3_39\src\traditional\proc\p18F4550.asm
                     LATE   0x000f8d       data     extern C:\MCC18\v3_39\src\traditional\proc\p18F4550.asm
                TRISAbits   0x000f92       data     extern C:\MCC18\v3_39\src\traditional\proc\p18F4550.asm
                    TRISA   0x000f92       data     extern C:\MCC18\v3_39\src\traditional\proc\p18F4550.asm
                 DDRAbits   0x000f92       data     extern C:\MCC18\v3_39\src\traditional\proc\p18F4550.asm
                     DDRA   0x000f92       data     extern C:\MCC18\v3_39\src\traditional\proc\p18F4550.asm
                 DDRBbits   0x000f93       data     extern C:\MCC18\v3_39\src\traditional\proc\p18F4550.asm
                     DDRB   0x000f93       data     extern C:\MCC18\v3_39\src\traditional\proc\p18F4550.asm
                TRISBbits   0x000f93       data     extern C:\MCC18\v3_39\src\traditional\proc\p18F4550.asm
                    TRISB   0x000f93       data     extern C:\MCC18\v3_39\src\traditional\proc\p18F4550.asm
                TRISCbits   0x000f94       data     extern C:\MCC18\v3_39\src\traditional\proc\p18F4550.asm
                    TRISC   0x000f94       data     extern C:\MCC18\v3_39\src\traditional\proc\p18F4550.asm
                 DDRCbits   0x000f94       data     extern C:\MCC18\v3_39\src\traditional\proc\p18F4550.asm
                     DDRC   0x000f94       data     extern C:\MCC18\v3_39\src\traditional\proc\p18F4550.asm
                TRISDbits   0x000f95       data     extern C:\MCC18\v3_39\src\traditional\proc\p18F4550.asm
                    TRISD   0x000f95       data     extern C:\MCC18\v3_39\src\traditional\proc\p18F4550.asm
                 DDRDbits   0x000f95       data     extern C:\MCC18\v3_39\src\traditional\proc\p18F4550.asm
                     DDRD   0x000f95       data     extern C:\MCC18\v3_39\src\traditional\proc\p18F4550.asm
                     DDRE   0x000f96       data     extern C:\MCC18\v3_39\src\traditional\proc\p18F4550.asm
                 DDREbits   0x000f96       data     extern C:\MCC18\v3_39\src\traditional\proc\p18F4550.asm
                    TRISE   0x000f96       data     extern C:\MCC18\v3_39\src\traditional\proc\p18F4550.asm
                TRISEbits   0x000f96       data     extern C:\MCC18\v3_39\src\traditional\proc\p18F4550.asm
              OSCTUNEbits   0x000f9b       data     extern C:\MCC18\v3_39\src\traditional\proc\p18F4550.asm
                  OSCTUNE   0x000f9b       data     extern C:\MCC18\v3_39\src\traditional\proc\p18F4550.asm
                 PIE1bits   0x000f9d       data     extern C:\MCC18\v3_39\src\traditional\proc\p18F4550.asm
                     PIE1   0x000f9d       data     extern C:\MCC18\v3_39\src\traditional\proc\p18F4550.asm
                     PIR1   0x000f9e       data     extern C:\MCC18\v3_39\src\traditional\proc\p18F4550.asm
                 PIR1bits   0x000f9e       data     extern C:\MCC18\v3_39\src\traditional\proc\p18F4550.asm
                     IPR1   0x000f9f       data     extern C:\MCC18\v3_39\src\traditional\proc\p18F4550.asm
                 IPR1bits   0x000f9f       data     extern C:\MCC18\v3_39\src\traditional\proc\p18F4550.asm
                 PIE2bits   0x000fa0       data     extern C:\MCC18\v3_39\src\traditional\proc\p18F4550.asm
                     PIE2   0x000fa0       data     extern C:\MCC18\v3_39\src\traditional\proc\p18F4550.asm
                     PIR2   0x000fa1       data     extern C:\MCC18\v3_39\src\traditional\proc\p18F4550.asm
                 PIR2bits   0x000fa1       data     extern C:\MCC18\v3_39\src\traditional\proc\p18F4550.asm
                 IPR2bits   0x000fa2       data     extern C:\MCC18\v3_39\src\traditional\proc\p18F4550.asm
                     IPR2   0x000fa2       data     extern C:\MCC18\v3_39\src\traditional\proc\p18F4550.asm
                   EECON1   0x000fa6       data     extern C:\MCC18\v3_39\src\traditional\proc\p18F4550.asm
               EECON1bits   0x000fa6       data     extern C:\MCC18\v3_39\src\traditional\proc\p18F4550.asm
                   EECON2   0x000fa7       data     extern C:\MCC18\v3_39\src\traditional\proc\p18F4550.asm
                   EEDATA   0x000fa8       data     extern C:\MCC18\v3_39\src\traditional\proc\p18F4550.asm
                    EEADR   0x000fa9       data     extern C:\MCC18\v3_39\src\traditional\proc\p18F4550.asm
                    RCSTA   0x000fab       data     extern C:\MCC18\v3_39\src\traditional\proc\p18F4550.asm
                RCSTAbits   0x000fab       data     extern C:\MCC18\v3_39\src\traditional\proc\p18F4550.asm
                TXSTAbits   0x000fac       data     extern C:\MCC18\v3_39\src\traditional\proc\p18F4550.asm
                    TXSTA   0x000fac       data     extern C:\MCC18\v3_39\src\traditional\proc\p18F4550.asm
                    TXREG   0x000fad       data     extern C:\MCC18\v3_39\src\traditional\proc\p18F4550.asm
                    RCREG   0x000fae       data     extern C:\MCC18\v3_39\src\traditional\proc\p18F4550.asm
                    SPBRG   0x000faf       data     extern C:\MCC18\v3_39\src\traditional\proc\p18F4550.asm
                   SPBRGH   0x000fb0       data     extern C:\MCC18\v3_39\src\traditional\proc\p18F4550.asm
                T3CONbits   0x000fb1       data     extern C:\MCC18\v3_39\src\traditional\proc\p18F4550.asm
                    T3CON   0x000fb1       data     extern C:\MCC18\v3_39\src\traditional\proc\p18F4550.asm
                    TMR3L   0x000fb2       data     extern C:\MCC18\v3_39\src\traditional\proc\p18F4550.asm
                    TMR3H   0x000fb3       data     extern C:\MCC18\v3_39\src\traditional\proc\p18F4550.asm
                CMCONbits   0x000fb4       data     extern C:\MCC18\v3_39\src\traditional\proc\p18F4550.asm
                    CMCON   0x000fb4       data     extern C:\MCC18\v3_39\src\traditional\proc\p18F4550.asm
               CVRCONbits   0x000fb5       data     extern C:\MCC18\v3_39\src\traditional\proc\p18F4550.asm
                   CVRCON   0x000fb5       data     extern C:\MCC18\v3_39\src\traditional\proc\p18F4550.asm
                   CCP1AS   0x000fb6       data     extern C:\MCC18\v3_39\src\traditional\proc\p18F4550.asm
               CCP1ASbits   0x000fb6       data     extern C:\MCC18\v3_39\src\traditional\proc\p18F4550.asm
              ECCP1ASbits   0x000fb6       data     extern C:\MCC18\v3_39\src\traditional\proc\p18F4550.asm
                  ECCP1AS   0x000fb6       data     extern C:\MCC18\v3_39\src\traditional\proc\p18F4550.asm
                 ECCP1DEL   0x000fb7       data     extern C:\MCC18\v3_39\src\traditional\proc\p18F4550.asm
             ECCP1DELbits   0x000fb7       data     extern C:\MCC18\v3_39\src\traditional\proc\p18F4550.asm
              CCP1DELbits   0x000fb7       data     extern C:\MCC18\v3_39\src\traditional\proc\p18F4550.asm
                  CCP1DEL   0x000fb7       data     extern C:\MCC18\v3_39\src\traditional\proc\p18F4550.asm
              BAUDCONbits   0x000fb8       data     extern C:\MCC18\v3_39\src\traditional\proc\p18F4550.asm
                  BAUDCON   0x000fb8       data     extern C:\MCC18\v3_39\src\traditional\proc\p18F4550.asm
                  BAUDCTL   0x000fb8       data     extern C:\MCC18\v3_39\src\traditional\proc\p18F4550.asm
              BAUDCTLbits   0x000fb8       data     extern C:\MCC18\v3_39\src\traditional\proc\p18F4550.asm
                  CCP2CON   0x000fba       data     extern C:\MCC18\v3_39\src\traditional\proc\p18F4550.asm
              CCP2CONbits   0x000fba       data     extern C:\MCC18\v3_39\src\traditional\proc\p18F4550.asm
                    CCPR2   0x000fbb       data     extern C:\MCC18\v3_39\src\traditional\proc\p18F4550.asm
                   CCPR2L   0x000fbb       data     extern C:\MCC18\v3_39\src\traditional\proc\p18F4550.asm
                   CCPR2H   0x000fbc       data     extern C:\MCC18\v3_39\src\traditional\proc\p18F4550.asm
                  CCP1CON   0x000fbd       data     extern C:\MCC18\v3_39\src\traditional\proc\p18F4550.asm
              CCP1CONbits   0x000fbd       data     extern C:\MCC18\v3_39\src\traditional\proc\p18F4550.asm
             ECCP1CONbits   0x000fbd       data     extern C:\MCC18\v3_39\src\traditional\proc\p18F4550.asm
                 ECCP1CON   0x000fbd       data     extern C:\MCC18\v3_39\src\traditional\proc\p18F4550.asm
                    CCPR1   0x000fbe       data     extern C:\MCC18\v3_39\src\traditional\proc\p18F4550.asm
                   CCPR1L   0x000fbe       data     extern C:\MCC18\v3_39\src\traditional\proc\p18F4550.asm
                   CCPR1H   0x000fbf       data     extern C:\MCC18\v3_39\src\traditional\proc\p18F4550.asm
               ADCON2bits   0x000fc0       data     extern C:\MCC18\v3_39\src\traditional\proc\p18F4550.asm
                   ADCON2   0x000fc0       data     extern C:\MCC18\v3_39\src\traditional\proc\p18F4550.asm
               ADCON1bits   0x000fc1       data     extern C:\MCC18\v3_39\src\traditional\proc\p18F4550.asm
                   ADCON1   0x000fc1       data     extern C:\MCC18\v3_39\src\traditional\proc\p18F4550.asm
                   ADCON0   0x000fc2       data     extern C:\MCC18\v3_39\src\traditional\proc\p18F4550.asm
               ADCON0bits   0x000fc2       data     extern C:\MCC18\v3_39\src\traditional\proc\p18F4550.asm
                    ADRES   0x000fc3       data     extern C:\MCC18\v3_39\src\traditional\proc\p18F4550.asm
                   ADRESL   0x000fc3       data     extern C:\MCC18\v3_39\src\traditional\proc\p18F4550.asm
                   ADRESH   0x000fc4       data     extern C:\MCC18\v3_39\src\traditional\proc\p18F4550.asm
                  SSPCON2   0x000fc5       data     extern C:\MCC18\v3_39\src\traditional\proc\p18F4550.asm
              SSPCON2bits   0x000fc5       data     extern C:\MCC18\v3_39\src\traditional\proc\p18F4550.asm
                  SSPCON1   0x000fc6       data     extern C:\MCC18\v3_39\src\traditional\proc\p18F4550.asm
              SSPCON1bits   0x000fc6       data     extern C:\MCC18\v3_39\src\traditional\proc\p18F4550.asm
                  SSPSTAT   0x000fc7       data     extern C:\MCC18\v3_39\src\traditional\proc\p18F4550.asm
              SSPSTATbits   0x000fc7       data     extern C:\MCC18\v3_39\src\traditional\proc\p18F4550.asm
                   SSPADD   0x000fc8       data     extern C:\MCC18\v3_39\src\traditional\proc\p18F4550.asm
                   SSPBUF   0x000fc9       data     extern C:\MCC18\v3_39\src\traditional\proc\p18F4550.asm
                    T2CON   0x000fca       data     extern C:\MCC18\v3_39\src\traditional\proc\p18F4550.asm
                T2CONbits   0x000fca       data     extern C:\MCC18\v3_39\src\traditional\proc\p18F4550.asm
                      PR2   0x000fcb       data     extern C:\MCC18\v3_39\src\traditional\proc\p18F4550.asm
                     TMR2   0x000fcc       data     extern C:\MCC18\v3_39\src\traditional\proc\p18F4550.asm
                T1CONbits   0x000fcd       data     extern C:\MCC18\v3_39\src\traditional\proc\p18F4550.asm
                    T1CON   0x000fcd       data     extern C:\MCC18\v3_39\src\traditional\proc\p18F4550.asm
                    TMR1L   0x000fce       data     extern C:\MCC18\v3_39\src\traditional\proc\p18F4550.asm
                    TMR1H   0x000fcf       data     extern C:\MCC18\v3_39\src\traditional\proc\p18F4550.asm
                     RCON   0x000fd0       data     extern C:\MCC18\v3_39\src\traditional\proc\p18F4550.asm
                 RCONbits   0x000fd0       data     extern C:\MCC18\v3_39\src\traditional\proc\p18F4550.asm
               WDTCONbits   0x000fd1       data     extern C:\MCC18\v3_39\src\traditional\proc\p18F4550.asm
                   WDTCON   0x000fd1       data     extern C:\MCC18\v3_39\src\traditional\proc\p18F4550.asm
               LVDCONbits   0x000fd2       data     extern C:\MCC18\v3_39\src\traditional\proc\p18F4550.asm
                   LVDCON   0x000fd2       data     extern C:\MCC18\v3_39\src\traditional\proc\p18F4550.asm
              HLVDCONbits   0x000fd2       data     extern C:\MCC18\v3_39\src\traditional\proc\p18F4550.asm
                  HLVDCON   0x000fd2       data     extern C:\MCC18\v3_39\src\traditional\proc\p18F4550.asm
               OSCCONbits   0x000fd3       data     extern C:\MCC18\v3_39\src\traditional\proc\p18F4550.asm
                   OSCCON   0x000fd3       data     extern C:\MCC18\v3_39\src\traditional\proc\p18F4550.asm
                    T0CON   0x000fd5       data     extern C:\MCC18\v3_39\src\traditional\proc\p18F4550.asm
                T0CONbits   0x000fd5       data     extern C:\MCC18\v3_39\src\traditional\proc\p18F4550.asm
                    TMR0L   0x000fd6       data     extern C:\MCC18\v3_39\src\traditional\proc\p18F4550.asm
                    TMR0H   0x000fd7       data     extern C:\MCC18\v3_39\src\traditional\proc\p18F4550.asm
                   STATUS   0x000fd8       data     extern C:\MCC18\v3_39\src\traditional\proc\p18F4550.asm
               STATUSbits   0x000fd8       data     extern C:\MCC18\v3_39\src\traditional\proc\p18F4550.asm
                    FSR2L   0x000fd9       data     extern C:\MCC18\v3_39\src\traditional\proc\p18F4550.asm
                     FSR2   0x000fd9       data     extern C:\MCC18\v3_39\src\traditional\proc\p18F4550.asm
                    FSR2H   0x000fda       data     extern C:\MCC18\v3_39\src\traditional\proc\p18F4550.asm
                   PLUSW2   0x000fdb       data     extern C:\MCC18\v3_39\src\traditional\proc\p18F4550.asm
                  PREINC2   0x000fdc       data     extern C:\MCC18\v3_39\src\traditional\proc\p18F4550.asm
                 POSTDEC2   0x000fdd       data     extern C:\MCC18\v3_39\src\traditional\proc\p18F4550.asm
                 POSTINC2   0x000fde       data     extern C:\MCC18\v3_39\src\traditional\proc\p18F4550.asm
                    INDF2   0x000fdf       data     extern C:\MCC18\v3_39\src\traditional\proc\p18F4550.asm
                      BSR   0x000fe0       data     extern C:\MCC18\v3_39\src\traditional\proc\p18F4550.asm
                    FSR1L   0x000fe1       data     extern C:\MCC18\v3_39\src\traditional\proc\p18F4550.asm
                     FSR1   0x000fe1       data     extern C:\MCC18\v3_39\src\traditional\proc\p18F4550.asm
                    FSR1H   0x000fe2       data     extern C:\MCC18\v3_39\src\traditional\proc\p18F4550.asm
                   PLUSW1   0x000fe3       data     extern C:\MCC18\v3_39\src\traditional\proc\p18F4550.asm
                  PREINC1   0x000fe4       data     extern C:\MCC18\v3_39\src\traditional\proc\p18F4550.asm
                 POSTDEC1   0x000fe5       data     extern C:\MCC18\v3_39\src\traditional\proc\p18F4550.asm
                 POSTINC1   0x000fe6       data     extern C:\MCC18\v3_39\src\traditional\proc\p18F4550.asm
                    INDF1   0x000fe7       data     extern C:\MCC18\v3_39\src\traditional\proc\p18F4550.asm
                     WREG   0x000fe8       data     extern C:\MCC18\v3_39\src\traditional\proc\p18F4550.asm
                     FSR0   0x000fe9       data     extern C:\MCC18\v3_39\src\traditional\proc\p18F4550.asm
                    FSR0L   0x000fe9       data     extern C:\MCC18\v3_39\src\traditional\proc\p18F4550.asm
                    FSR0H   0x000fea       data     extern C:\MCC18\v3_39\src\traditional\proc\p18F4550.asm
                   PLUSW0   0x000feb       data     extern C:\MCC18\v3_39\src\traditional\proc\p18F4550.asm
                  PREINC0   0x000fec       data     extern C:\MCC18\v3_39\src\traditional\proc\p18F4550.asm
                 POSTDEC0   0x000fed       data     extern C:\MCC18\v3_39\src\traditional\proc\p18F4550.asm
                 POSTINC0   0x000fee       data     extern C:\MCC18\v3_39\src\traditional\proc\p18F4550.asm
                    INDF0   0x000fef       data     extern C:\MCC18\v3_39\src\traditional\proc\p18F4550.asm
              INTCON3bits   0x000ff0       data     extern C:\MCC18\v3_39\src\traditional\proc\p18F4550.asm
                  INTCON3   0x000ff0       data     extern C:\MCC18\v3_39\src\traditional\proc\p18F4550.asm
              INTCON2bits   0x000ff1       data     extern C:\MCC18\v3_39\src\traditional\proc\p18F4550.asm
                  INTCON2   0x000ff1       data     extern C:\MCC18\v3_39\src\traditional\proc\p18F4550.asm
               INTCONbits   0x000ff2       data     extern C:\MCC18\v3_39\src\traditional\proc\p18F4550.asm
                   INTCON   0x000ff2       data     extern C:\MCC18\v3_39\src\traditional\proc\p18F4550.asm
                     PROD   0x000ff3       data     extern C:\MCC18\v3_39\src\traditional\proc\p18F4550.asm
                    PRODL   0x000ff3       data     extern C:\MCC18\v3_39\src\traditional\proc\p18F4550.asm
                    PRODH   0x000ff4       data     extern C:\MCC18\v3_39\src\traditional\proc\p18F4550.asm
                   TABLAT   0x000ff5       data     extern C:\MCC18\v3_39\src\traditional\proc\p18F4550.asm
                  TBLPTRL   0x000ff6       data     extern C:\MCC18\v3_39\src\traditional\proc\p18F4550.asm
                   TBLPTR   0x000ff6       data     extern C:\MCC18\v3_39\src\traditional\proc\p18F4550.asm
                  TBLPTRH   0x000ff7       data     extern C:\MCC18\v3_39\src\traditional\proc\p18F4550.asm
                  TBLPTRU   0x000ff8       data     extern C:\MCC18\v3_39\src\traditional\proc\p18F4550.asm
                       PC   0x000ff9       data     extern C:\MCC18\v3_39\src\traditional\proc\p18F4550.asm
                      PCL   0x000ff9       data     extern C:\MCC18\v3_39\src\traditional\proc\p18F4550.asm
                   PCLATH   0x000ffa       data     extern C:\MCC18\v3_39\src\traditional\proc\p18F4550.asm
                   PCLATU   0x000ffb       data     extern C:\MCC18\v3_39\src\traditional\proc\p18F4550.asm
                   STKPTR   0x000ffc       data     extern C:\MCC18\v3_39\src\traditional\proc\p18F4550.asm
               STKPTRbits   0x000ffc       data     extern C:\MCC18\v3_39\src\traditional\proc\p18F4550.asm
                      TOS   0x000ffd       data     extern C:\MCC18\v3_39\src\traditional\proc\p18F4550.asm
                     TOSL   0x000ffd       data     extern C:\MCC18\v3_39\src\traditional\proc\p18F4550.asm
                     TOSH   0x000ffe       data     extern C:\MCC18\v3_39\src\traditional\proc\p18F4550.asm
                     TOSU   0x000fff       data     extern C:\MCC18\v3_39\src\traditional\proc\p18F4550.asm


